// Jest Snapshot v1, https://goo.gl/fbAQLP

exports[`Base renders correctly 1`] = `
<div>
  <div
    style={
      Object {
        "flexShrink": 0,
      }
    }
  >
    <ButtonBar />
  </div>
  <div
    style={
      Object {
        "flex": "1 1 100%",
      }
    }
  >
    <DocumentView />
  </div>
</div>
`;
