// Jest Snapshot v1, https://goo.gl/fbAQLP

exports[`Base renders correctly 1`] = `
<div>
  <div
    style={
      Object {
        "flexShrink": 0,
        "zIndex": 2,
      }
    }
  >
    <ButtonBar />
  </div>
  <div
    style={
      Object {
        "flex": "1 1 100%",
        "zIndex": 1,
      }
    }
  >
    <Connect(Tabs)
      showAdd={true}
      tabs={Array []}
    />
  </div>
</div>
`;
